using Microsoft.Data.Entity;
using Microsoft.Data.Entity.Metadata;

namespace E2E.Sqlite
{
    public partial class ManyToManyFluentApiContext : DbContext
    {
        protected override void OnConfiguring(DbContextOptionsBuilder optionsBuilder)
        {
            optionsBuilder.UseSqlite(@"Data Source=ManyToManyFluentApi.db;Cache=Private");
        }

        protected override void OnModelCreating(ModelBuilder modelBuilder)
        {
            modelBuilder.Entity<Users_Groups>(entity =>
            {
                entity.HasIndex(e => new { e.UserId, e.GroupId })
                    .HasName("sqlite_autoindex_Users_Groups_2")
                    .IsUnique();

                entity.Property(e => e.GroupId).IsRequired();

                entity.Property(e => e.UserId).IsRequired();

                entity.HasOne(d => d.Group)
                    .WithMany(p => p.Users_Groups)
                    .HasForeignKey(d => d.GroupId)
                    .OnDelete(DeleteBehavior.Restrict);

                entity.HasOne(d => d.User)
                    .WithMany(p => p.Users_Groups)
                    .HasForeignKey(d => d.UserId)
                    .OnDelete(DeleteBehavior.Restrict);
            });
        }

        public virtual DbSet<Groups> Groups { get; set; }
        public virtual DbSet<Users> Users { get; set; }
        public virtual DbSet<Users_Groups> Users_Groups { get; set; }
    }
}