using System;
using System.Collections.Generic;
using System.ComponentModel.DataAnnotations;
using System.ComponentModel.DataAnnotations.Schema;

namespace E2E.Sqlite
{
    public partial class Users_Groups
    {
        public string Id { get; set; }
        [Required]
        public string UserId { get; set; }
        [Required]
        public string GroupId { get; set; }

        [ForeignKey("GroupId")]
        [InverseProperty("Users_Groups")]
        public virtual Groups Group { get; set; }
        [ForeignKey("UserId")]
        [InverseProperty("Users_Groups")]
        public virtual Users User { get; set; }
    }
}
