using Microsoft.Data.Entity;
using Microsoft.Data.Entity.Metadata;

namespace E2E.Sqlite
{
    public partial class NoPrincipalPkFluentApiContext : DbContext
    {
        protected override void OnConfiguring(DbContextOptionsBuilder optionsBuilder)
        {
            optionsBuilder.UseSqlite(@"Data Source=NoPrincipalPkFluentApi.db;Cache=Private");
        }

        protected override void OnModelCreating(ModelBuilder modelBuilder)
        {
            modelBuilder.Entity<Dependent>(entity =>
            {
                entity.Property(e => e.PrincipalId).HasColumnType("INT");
            });
        }

        public virtual DbSet<Dependent> Dependent { get; set; }

        // Unable to generate entity type for table 'Principal'. Please see the warning messages.
    }
}