using Microsoft.Data.Entity;
using Microsoft.Data.Entity.Metadata;

namespace E2E.Sqlite
{
    public partial class ManyToManyAttributesContext : DbContext
    {
        protected override void OnConfiguring(DbContextOptionsBuilder options)
        {
            options.UseSqlite(@"Data Source=ManyToManyAttributes.db;Cache=Private");
        }

        protected override void OnModelCreating(ModelBuilder modelBuilder)
        {
            modelBuilder.Entity<Users_Groups>(entity =>
            {
                entity.HasIndex(e => new { e.UserId, e.GroupId })
                    .HasName("sqlite_autoindex_Users_Groups_2")
                    .IsUnique();
            });
        }

        public virtual DbSet<Groups> Groups { get; set; }
        public virtual DbSet<Users> Users { get; set; }
        public virtual DbSet<Users_Groups> Users_Groups { get; set; }
    }
}